Found 5 failures:

=== FAILURE 1 ===
## Test 24: MLE - C malloc bomb

### Request
```json
{
  "language": "cpp",
  "source": "#include <cstdlib>\nint main(){void* p=malloc(500L*1024*1024); (void)p; return 0;}",
  "memory_limit_kb": 32768
}
```

### Response
```json
{
  "stdout": "",
  "stderr": "",
  "compile_output": "",
  "exit_code": 0,
  "status": "Accepted",
  "time_ms": 2,
  "memory_kb": 7404
}
```

HTTP: 200

Expected: Runtime Error

Latency: 95.19 ms

Result: ❌ FAIL

========================================

=== FAILURE 2 ===
## Test 25: Deep recursion / stack overflow (Python)

### Request
```json
{
  "language": "python",
  "source": "import sys\nsys.setrecursionlimit(1000000)\ndef f(n): return f(n+1)\nf(0)"
}
```

### Response
```json
{
  "stdout": "",
  "stderr": "",
  "compile_output": "",
  "exit_code": 0,
  "status": "Memory Limit Exceeded",
  "time_ms": 283,
  "memory_kb": 262144
}
```

HTTP: 200

Expected: Runtime Error

Latency: 296.3 ms

Result: ❌ FAIL

========================================

=== FAILURE 3 ===
## Test 26: Deep recursion / stack overflow (C++)

### Request
```json
{
  "language": "cpp",
  "source": "void f(int n){ volatile char buf[1024]; f(n+1);} int main(){f(0);}"
}
```

### Response
```json
{
  "stdout": "",
  "stderr": "",
  "compile_output": "",
  "exit_code": 0,
  "status": "Memory Limit Exceeded",
  "time_ms": 280,
  "memory_kb": 262144
}
```

HTTP: 200

Expected: Runtime Error

Latency: 391.43 ms

Result: ❌ FAIL

========================================

=== FAILURE 4 ===
## Test 40: Subprocess spawn attempt to list host root

### Request
```json
{
  "language": "python",
  "source": "import subprocess\ntry:\n    out = subprocess.run(['ls','/'], capture_output=True, text=True, timeout=3)\n    print(out.stdout)\nexcept Exception as e:\n    print('BLOCKED', type(e).__name__)",
  "time_limit_ms": 3000
}
```

### Response
```json
{
  "stdout": "bin\nbox\ndev\netc\nlib\nlib64\nproc\ntmp\nusr\n\n",
  "stderr": "",
  "compile_output": "",
  "exit_code": 0,
  "status": "Accepted",
  "time_ms": 23,
  "memory_kb": 4844
}
```

HTTP: 200

Expected: no leak, status in ['Runtime Error', 'Time Limit Exceeded', 'Memory Limit Exceeded', 'Accepted', 'Internal Error', 'Sandbox Error']

Latency: 77.72 ms

Note: Even if a subprocess call succeeds, it should only see the sandboxed filesystem view, not the real host root listing. | LEAKED EVIDENCE OF ESCAPE: ['etc']

Result: ❌ FAIL

========================================

=== FAILURE 5 ===
## Test 44: Path traversal via language field

### Request
```json
{
  "language": "../../../etc/passwd",
  "source": "print(1)"
}
```

### Response
```json
{
  "error": "INVALID_REQUEST",
  "message": "Unsupported language: ../../../etc/passwd"
}
```

HTTP: 400

Expected: no leak, status in ['Runtime Error', 'Time Limit Exceeded', 'Memory Limit Exceeded', 'Accepted', 'Internal Error', 'Sandbox Error']

Latency: 4.51 ms

Note: Unknown/malicious language identifiers must be rejected (400), not used to build a filesystem path.

Result: ❌ FAIL

========================================

